## 电脑环境：win10  内存16G

### SerialGC

java -Xmx128m -Xms128m -XX:+PrintGCDetails -XX:+PrintGCDateStamps -XX:+UseSerialGC GCLogAnalysis

**部分截图**

```
2021-01-23T14:17:25.899+0800: [GC (Allocation Failure) 2021-01-23T14:17:25.899+0800: [DefNew: 39222K->4349K(39296K), 0.0131659 secs] 94370K->74026K(126720K), 0.0137111 secs] [Times: user=0.01 sys=0.00, real=0.02 secs]
2021-01-23T14:17:25.931+0800: [GC (Allocation Failure) 2021-01-23T14:17:25.931+0800: [DefNew: 39058K->4338K(39296K), 0.0084396 secs] 108735K->86874K(126720K), 0.0088728 secs] [Times: user=0.00 sys=0.02, real=0.02 secs]
2021-01-23T14:17:25.962+0800: [GC (Allocation Failure) 2021-01-23T14:17:25.962+0800: [DefNew: 39211K->39211K(39296K), 0.0001608 secs]2021-01-23T14:17:25.962+0800: [Tenured: 82535K->87416K(87424K), 0.0262249 secs] 121746K->93808K(126720K), [Metaspace: 2636K->2636K(1056768K)], 0.0268984 secs] [Times: user=0.02 sys=0.00, real=0.02 secs]
2021-01-23T14:17:25.993+0800: [Full GC (Allocation Failure) 2021-01-23T14:17:25.993+0800: [Tenured: 87416K->87317K(87424K), 0.0234751 secs] 126505K->104735K(126720K), [Metaspace: 2636K->2636K(1056768K)], 0.0269337 secs] [Times: user=0.01 sys=0.00, real=0.03 secs]
2021-01-23T14:17:26.024+0800: [Full GC (Allocation Failure) 2021-01-23T14:17:26.040+0800: [Tenured: 87353K->87414K(87424K), 0.0246173 secs] 126633K->108883K(126720K), [Metaspace: 2636K->2636K(1056768K)], 0.0281660 secs] [Times: user=0.02 sys=0.00, real=0.03 secs]
Exception in thread "main" java.lang.OutOfMemoryError: Java heap space
        at GCLogAnalysis.generateGarbage(GCLogAnalysis.java:47)
        at GCLogAnalysis.main(GCLogAnalysis.java:24)
```

**分析**

指定堆内存大小为128m时，经过几次youngGC后，后面一直执行fullGC，可以看到每次fullGC回收的对象都很少，最后导致OOM，整个程序只执行了0.472s，超过一半的时间在进行GC。



java -Xmx256m -Xms256m -XX:+PrintGCDetails -XX:+PrintGCDateStamps -XX:+UseSerialGC GCLogAnalysis

**部分截图**

```
2021-01-23T13:12:07.308+0800: [GC (Allocation Failure) 2021-01-23T13:12:07.308+0800: [DefNew: 78472K->8703K(78656K), 0.0266766 secs] 201607K->159510K(253440K), 0.0271169 secs] [Times: user=0.02 sys=0.02, real=0.03 secs]
2021-01-23T13:12:07.364+0800: [GC (Allocation Failure) 2021-01-23T13:12:07.364+0800: [DefNew: 78326K->78326K(78656K), 0.0001868 secs]2021-01-23T13:12:07.364+0800: [Tenured: 150807K->163145K(174784K), 0.0455632 secs] 229134K->163145K(253440K), [Metaspace: 2636K->2636K(1056768K)], 0.0462526 secs] [Times: user=0.05 sys=0.00, real=0.05 secs]
2021-01-23T13:12:07.436+0800: [GC (Allocation Failure) 2021-01-23T13:12:07.436+0800: [DefNew: 69472K->69472K(78656K), 0.0001893 secs]2021-01-23T13:12:07.436+0800: [Tenured: 163145K->174468K(174784K), 0.0490555 secs] 232618K->180522K(253440K), [Metaspace: 2636K->2636K(1056768K)], 0.0501689 secs] [Times: user=0.05 sys=0.00, real=0.05 secs]
2021-01-23T13:12:07.517+0800: [Full GC (Allocation Failure) 2021-01-23T13:12:07.517+0800: [Tenured: 174468K->174774K(174784K), 0.0486375 secs] 252741K->191940K(253440K), [Metaspace: 2636K->2636K(1056768K)], 0.0501128 secs] [Times: user=0.05 sys=0.00, real=0.05 secs]
```

**分析**

总共进行了7次youngGC，上述第一部分young区堆内存大小从78M减少到8M，减少了70M，整个堆内存大小从201M减少到159M，减少了42M，说明有70-42=28M大小的对象从young区晋升到old区

youngGC后开始进行FullGC，总共进行了11次，上述第二部分执行的是fullGC，young区大小没变，old区大小从150M增加到163M，而整个堆内存的大小从229M减少到163M，meta区大小也没变化，不知道啥原因？

共生成对象次数:3894



java -Xmx512m -Xms512m -XX:+PrintGCDetails -XX:+PrintGCDateStamps -XX:+UseSerialGC GCLogAnalysis

**部分截图**

```
2021-01-23T14:24:57.525+0800: [GC (Allocation Failure) 2021-01-23T14:24:57.525+0800: [DefNew: 157247K->17470K(157248K), 0.0258408 secs] 422872K->324438K(506816K), 0.0265961 secs] [Times: user=0.00 sys=0.03, real=0.03 secs]
2021-01-23T14:24:57.589+0800: [GC (Allocation Failure) 2021-01-23T14:24:57.604+0800: [DefNew: 157211K->157211K(157248K), 0.0002376 secs]2021-01-23T14:24:57.604+0800: [Tenured: 306968K->266322K(349568K), 0.0697616 secs] 464180K->266322K(506816K), [Metaspace: 2636K->2636K(1056768K)], 0.0715303 secs] [Times: user=0.06 sys=0.00, real=0.08 secs]
2021-01-23T14:24:57.715+0800: [GC (Allocation Failure) 2021-01-23T14:24:57.715+0800: [DefNew: 139776K->17471K(157248K), 0.0130341 secs] 406098K->313471K(506816K), 0.0137602 secs] [Times: user=0.02 sys=0.00, real=0.02 secs]
2021-01-23T14:24:57.764+0800: [GC (Allocation Failure) 2021-01-23T14:24:57.780+0800: [DefNew: 157247K->17470K(157248K), 0.0280615 secs] 453247K->359821K(506816K), 0.0289770 secs] [Times: user=0.01 sys=0.00, real=0.03 secs]
2021-01-23T14:24:57.842+0800: [GC (Allocation Failure) 2021-01-23T14:24:57.842+0800: [DefNew: 156607K->156607K(157248K), 0.0001842 secs]2021-01-23T14:24:57.842+0800: [Tenured: 342350K->312264K(349568K), 0.0822393 secs] 498958K->312264K(506816K), [Metaspace: 2636K->2636K(1056768K)], 0.0840000 secs] [Times: user=0.08 sys=0.00, real=0.08 secs]
执行结束!共生成对象次数:5782
```

**分析**

总共执行了9次YoungGC，执行了2次FullGC，生成对象5782



java -Xmx1g -Xms1g -XX:+PrintGCDetails -XX:+PrintGCDateStamps -XX:+UseSerialGC GCLogAnalysis

**部分截图**

```
2021-01-23T14:28:46.932+0800: [GC (Allocation Failure) 2021-01-23T14:28:46.932+0800: [DefNew: 314559K->34943K(314560K), 0.0481899 secs] 531394K->328520K(1013632K), 0.0488027 secs] [Times: user=0.03 sys=0.02, real=0.05 secs]
2021-01-23T14:28:47.057+0800: [GC (Allocation Failure) 2021-01-23T14:28:47.057+0800: [DefNew: 314559K->34943K(314560K), 0.0502401 secs] 608136K->409532K(1013632K), 0.0509903 secs] [Times: user=0.03 sys=0.02, real=0.06 secs]
2021-01-23T14:28:47.197+0800: [GC (Allocation Failure) 2021-01-23T14:28:47.197+0800: [DefNew: 314559K->34943K(314560K), 0.0487928 secs] 689148K->487808K(1013632K), 0.0495447 secs] [Times: user=0.00 sys=0.05, real=0.05 secs]
2021-01-23T14:28:47.322+0800: [GC (Allocation Failure) 2021-01-23T14:28:47.322+0800: [DefNew: 314320K->34943K(314560K), 0.0457844 secs] 767185K->561052K(1013632K), 0.0465076 secs] [Times: user=0.02 sys=0.03, real=0.05 secs]
执行结束!共生成对象次数:7417
```

**分析**

总共执行了7次youngGC，没有执行fullGC，生成对象7417



java -Xmx2g -Xms2g -XX:+PrintGCDetails -XX:+PrintGCDateStamps -XX:+UseSerialGC GCLogAnalysis

**部分截图**

```
2021-01-23T14:30:38.831+0800: [GC (Allocation Failure) 2021-01-23T14:30:38.831+0800: [DefNew: 559232K->69888K(629120K), 0.0781028 secs] 559232K->148261K(2027264K), 0.0791257 secs] [Times: user=0.05 sys=0.03, real=0.07 secs]
2021-01-23T14:30:39.081+0800: [GC (Allocation Failure) 2021-01-23T14:30:39.081+0800: [DefNew: 629120K->69887K(629120K), 0.1129652 secs] 707493K->275865K(2027264K), 0.1138230 secs] [Times: user=0.03 sys=0.08, real=0.13 secs]
2021-01-23T14:30:39.369+0800: [GC (Allocation Failure) 2021-01-23T14:30:39.369+0800: [DefNew: 629119K->69888K(629120K), 0.0907217 secs] 835097K->402075K(2027264K), 0.0914280 secs] [Times: user=0.03 sys=0.06, real=0.10 secs]
执行结束!共生成对象次数:6212
```

**分析**

总共执行了3次youngGC，没有执行fullGC，生成对象6212，可以看到执行一次gc的时间变长



java -Xmx4g -Xms4g -XX:+PrintGCDetails -XX:+PrintGCDateStamps -XX:+UseSerialGC GCLogAnalysis

**部分截图**

```
2021-01-23T14:32:21.093+0800: [GC (Allocation Failure) 2021-01-23T14:32:21.093+0800: [DefNew: 1118528K->139775K(1258304K), 0.1169307 secs] 1118528K->237031K(4054528K), 0.1175615 secs] [Times: user=0.06 sys=0.06, real=0.12 secs]
执行结束!共生成对象次数:6036
```

**分析**

**分析**

总共执行了1次youngGC，没有执行fullGC，生成对象6036，可以看到执行一次gc的时间很长，0.11s，比之前内存小时fullgc的暂停的时间还长



## ParallelGC

java -Xmx128m -Xms128m -XX:+PrintGCDetails -XX:+PrintGCDateStamps -XX:+UseParallelGC GCLogAnalysis

java -Xmx256m -Xms256m -XX:+PrintGCDetails -XX:+PrintGCDateStamps -XX:+UseParallelGC GCLogAnalysis

java -Xmx512m -Xms512m -XX:+PrintGCDetails -XX:+PrintGCDateStamps -XX:+UseParallelGC GCLogAnalysis

java -Xmx1g -Xms1g -XX:+PrintGCDetails -XX:+PrintGCDateStamps -XX:+UseParallelGC GCLogAnalysis

java -Xmx2g -Xms2g -XX:+PrintGCDetails -XX:+PrintGCDateStamps -XX:+UseParallelGC GCLogAnalysis

java -Xmx4g -Xms4g -XX:+PrintGCDetails -XX:+PrintGCDateStamps -XX:+UseParallelGC GCLogAnalysis



**分析**

分别执行上述命令，进行测试。

在-Xmx为128m时，同样发生OOM；在-Xmx256m时，生成对象为3052；在-Xmx512m时，生成对象为6106

在-Xmx1g时，生成对象为7285；在-Xmx2g时，生成对象为7943；在-Xmx4g时，生成对象为6604

在相同条件下，并行GC发生GC时暂停的时间比串行GC的时间要少



## CMSGC

采用CMSGC，测试步骤同上，

在-Xmx为128m时，同样发生OOM；在-Xmx256m时，生成对象为3595；在-Xmx512m时，生成对象为5973

在-Xmx1g时，生成对象为6950；在-Xmx2g时，生成对象为7439；在-Xmx4g时，生成对象为6676



## G1

采用G1，测试步骤同上，

在-Xmx为128m时，同样发生OOM；在-Xmx256m时，发生OOM；在-Xmx512m时，生成对象为6512

在-Xmx1g时，生成对象为7110；在-Xmx2g时，生成对象为7283；在-Xmx4g时，生成对象为7813

可以看到堆内存越大，G1明显比cms和parallelGC更有优势

